git pull
.-(~/hexapod)-----------------------------------------------------(pi@HethPi)-
`--> git pull
Already up-to-date.
.-(~/hexapod)-----------------------------------------------------(pi@HethPi)-
`--> git push
Everything up-to-date
.-(~/hexapod)-----------------------------------------------------(pi@HethPi)-
`--> git status
# On branch master
nothing to commit (working directory clean)
.-(~/hexapod)-----------------------------------------------------(pi@HethPi)-
`-->









